Solution : Getting Started module

SELECTING THE GEAR

used the "Build a Network Automation Lab document" to connect to my lab physical switches.

BUILDING THE LAB

used the "Introduction to Ansible" video to view the arp tables of all the lab switches from my vagrant linux machine using ansible raw mode.

SET UP GIT AND GITHUB

Created GIT account and new repo and accessed it from the vagrant machine running anscible 




vagrant@vagrant-ubuntu-trusty-64:/vagrant/git-stuff$ git remote add origin https://github.com/narendrakumar1987in/ansible-stuff.git
vagrant@vagrant-ubuntu-trusty-64:/vagrant/git-stuff$ git remote show origin
* remote origin
  Fetch URL: https://github.com/narendrakumar1987in/ansible-stuff.git
  Push  URL: https://github.com/narendrakumar1987in/ansible-stuff.git


PUBLISH A FILE ON GITHUB

Created a local file and publised it on the git

vagrant@vagrant-ubuntu-trusty-64:/vagrant/git-stuff$ git add README.txt
fatal: pathspec 'README.txt' did not match any files
vagrant@vagrant-ubuntu-trusty-64:/vagrant/git-stuff$ pwd
/vagrant/git-stuff
vagrant@vagrant-ubuntu-trusty-64:/vagrant/git-stuff$ cat README.txt
cat: README.txt: No such file or directory
vagrant@vagrant-ubuntu-trusty-64:/vagrant/git-stuff$ cat > README.txt
just a sample file in the ansible-git
^C
vagrant@vagrant-ubuntu-trusty-64:/vagrant/git-stuff$ git add README.txt
vagrant@vagrant-ubuntu-trusty-64:/vagrant/git-stuff$ git commit -m "first commit"
[master (root-commit) f8b0a82] first commit
 1 file changed, 1 insertion(+)
 create mode 100644 README.txt
vagrant@vagrant-ubuntu-trusty-64:/vagrant/git-stuff$



